2026-05-28 04:10:49 - v2ray-aggregator - INFO - ============================================================
2026-05-28 04:10:49 - v2ray-aggregator - INFO - V2Ray 节点聚合系统启动
2026-05-28 04:10:49 - v2ray-aggregator - INFO - ============================================================
2026-05-28 04:10:49 - v2ray-aggregator - INFO - 加载配置文件...
2026-05-28 04:10:49 - v2ray-aggregator - INFO - 已加载系统配置: config/settings.yaml
2026-05-28 04:10:49 - v2ray-aggregator - INFO - 已加载节点源配置: config/sources.yaml
2026-05-28 04:10:49 - v2ray-aggregator - INFO - 已加载 Clash 模板: config/clash_template.yaml
2026-05-28 04:10:49 - v2ray-aggregator - INFO - 
【步骤 1/5】收集节点
2026-05-28 04:10:49 - v2ray-aggregator - INFO - ------------------------------------------------------------
2026-05-28 04:10:49 - v2ray-aggregator - INFO - 开始收集节点...
2026-05-28 04:10:49 - v2ray-aggregator - INFO - 收集订阅源: 2 个
2026-05-28 04:10:49 - v2ray-aggregator - INFO - 正在获取订阅源: mfuu/v2ray
2026-05-28 04:10:49 - v2ray-aggregator - INFO - 正在获取订阅源: free-nodes/v2rayfree
2026-05-28 04:10:49 - v2ray-aggregator - INFO - 订阅源 mfuu/v2ray 获取到 38 个节点
2026-05-28 04:10:49 - v2ray-aggregator - WARNING - URL 返回状态码 404: https://raw.githubusercontent.com/free-nodes/v2rayfree/main/v1
2026-05-28 04:10:50 - v2ray-aggregator - WARNING - URL 返回状态码 404: https://raw.githubusercontent.com/free-nodes/v2rayfree/main/v1
2026-05-28 04:10:51 - v2ray-aggregator - WARNING - URL 返回状态码 404: https://raw.githubusercontent.com/free-nodes/v2rayfree/main/v1
2026-05-28 04:10:51 - v2ray-aggregator - ERROR - URL 获取失败（已重试 3 次）: https://raw.githubusercontent.com/free-nodes/v2rayfree/main/v1
2026-05-28 04:10:51 - v2ray-aggregator - WARNING - 订阅源 free-nodes/v2rayfree 内容为空
2026-05-28 04:10:51 - v2ray-aggregator - INFO - 节点收集完成，共收集 38 个节点
2026-05-28 04:10:51 - v2ray-aggregator - INFO - ✓ 收集完成，共 38 个节点
2026-05-28 04:10:51 - v2ray-aggregator - INFO - 
【步骤 2/5】节点去重
2026-05-28 04:10:51 - v2ray-aggregator - INFO - ------------------------------------------------------------
2026-05-28 04:10:51 - v2ray-aggregator - INFO - 开始去重，原始节点数: 38
2026-05-28 04:10:51 - v2ray-aggregator - INFO - 去重完成，移除 1 个重复节点，剩余 37 个节点
2026-05-28 04:10:51 - v2ray-aggregator - INFO - ✓ 去重完成，剩余 37 个节点
2026-05-28 04:10:51 - v2ray-aggregator - INFO - 
【步骤 3/5】节点测速
2026-05-28 04:10:51 - v2ray-aggregator - INFO - ------------------------------------------------------------
2026-05-28 04:10:51 - v2ray-aggregator - INFO - 开始测试 37 个节点的速度...
2026-05-28 04:11:06 - v2ray-aggregator - INFO - 已测试 37/37 个节点
2026-05-28 04:11:06 - v2ray-aggregator - INFO - 测速完成，可用节点: 18/37
2026-05-28 04:11:06 - v2ray-aggregator - INFO - 根据测速结果过滤，移除 20 个节点
2026-05-28 04:11:06 - v2ray-aggregator - INFO - ✓ 测速完成，可用节点 17 个
2026-05-28 04:11:06 - v2ray-aggregator - INFO - 
【步骤 4/5】格式转换
2026-05-28 04:11:06 - v2ray-aggregator - INFO - ------------------------------------------------------------
2026-05-28 04:11:06 - v2ray-aggregator - INFO - 输出目录: output/2026-05-28_04-10-49
2026-05-28 04:11:06 - v2ray-aggregator - INFO - 最新链接: output/latest -> 2026-05-28_04-10-49
2026-05-28 04:11:06 - v2ray-aggregator - INFO - 生成 Base64 格式，包含 17 个节点
2026-05-28 04:11:06 - v2ray-aggregator - INFO - 已保存到文件: output/2026-05-28_04-10-49/nodes.txt
2026-05-28 04:11:06 - v2ray-aggregator - INFO - ✓ 生成 Base64 格式
2026-05-28 04:11:06 - v2ray-aggregator - INFO - 生成 Clash 配置，包含 17 个节点
2026-05-28 04:11:06 - v2ray-aggregator - INFO - 已保存到文件: output/2026-05-28_04-10-49/clash.yaml
2026-05-28 04:11:06 - v2ray-aggregator - INFO - ✓ 生成 Clash YAML 格式
2026-05-28 04:11:06 - v2ray-aggregator - WARNING - 不支持转换为 V2Ray 格式的协议: ssr
2026-05-28 04:11:06 - v2ray-aggregator - INFO - 生成 V2Ray JSON 配置，包含 16 个节点
2026-05-28 04:11:06 - v2ray-aggregator - INFO - 已保存到文件: output/2026-05-28_04-10-49/v2ray.json
2026-05-28 04:11:06 - v2ray-aggregator - INFO - ✓ 生成 V2Ray JSON 格式
2026-05-28 04:11:06 - v2ray-aggregator - INFO - 生成 Surge 配置，包含 17 个节点
2026-05-28 04:11:06 - v2ray-aggregator - INFO - 已保存到文件: output/2026-05-28_04-10-49/surge.conf
2026-05-28 04:11:06 - v2ray-aggregator - INFO - ✓ 生成 Surge 格式
2026-05-28 04:11:06 - v2ray-aggregator - INFO - 生成 Quantumult X 配置，包含 17 个节点
2026-05-28 04:11:06 - v2ray-aggregator - INFO - 已保存到文件: output/2026-05-28_04-10-49/quantumult.conf
2026-05-28 04:11:06 - v2ray-aggregator - INFO - ✓ 生成 Quantumult X 格式
2026-05-28 04:11:06 - v2ray-aggregator - INFO - 
【步骤 5/5】生成统计信息
2026-05-28 04:11:06 - v2ray-aggregator - INFO - ------------------------------------------------------------
2026-05-28 04:11:06 - v2ray-aggregator - INFO - 总节点数: 17
2026-05-28 04:11:06 - v2ray-aggregator - INFO -   VMESS: 14 个
2026-05-28 04:11:06 - v2ray-aggregator - INFO -   TROJAN: 2 个
2026-05-28 04:11:06 - v2ray-aggregator - INFO -   SSR: 1 个
2026-05-28 04:11:06 - v2ray-aggregator - INFO - 
============================================================
2026-05-28 04:11:06 - v2ray-aggregator - INFO - ✓ 所有任务完成！
2026-05-28 04:11:06 - v2ray-aggregator - INFO - ============================================================
