2026-05-06 14:29:10 - v2ray-aggregator - INFO - ============================================================
2026-05-06 14:29:10 - v2ray-aggregator - INFO - V2Ray 节点聚合系统启动
2026-05-06 14:29:10 - v2ray-aggregator - INFO - ============================================================
2026-05-06 14:29:10 - v2ray-aggregator - INFO - 加载配置文件...
2026-05-06 14:29:10 - v2ray-aggregator - INFO - 已加载系统配置: config/settings.yaml
2026-05-06 14:29:10 - v2ray-aggregator - INFO - 已加载节点源配置: config/sources.yaml
2026-05-06 14:29:10 - v2ray-aggregator - INFO - 已加载 Clash 模板: config/clash_template.yaml
2026-05-06 14:29:10 - v2ray-aggregator - INFO - 
【步骤 1/5】收集节点
2026-05-06 14:29:10 - v2ray-aggregator - INFO - ------------------------------------------------------------
2026-05-06 14:29:10 - v2ray-aggregator - INFO - 开始收集节点...
2026-05-06 14:29:10 - v2ray-aggregator - INFO - 收集订阅源: 2 个
2026-05-06 14:29:10 - v2ray-aggregator - INFO - 正在获取订阅源: mfuu/v2ray
2026-05-06 14:29:10 - v2ray-aggregator - INFO - 正在获取订阅源: free-nodes/v2rayfree
2026-05-06 14:29:10 - v2ray-aggregator - INFO - 订阅源 mfuu/v2ray 获取到 180 个节点
2026-05-06 14:29:10 - v2ray-aggregator - WARNING - URL 返回状态码 404: https://raw.githubusercontent.com/free-nodes/v2rayfree/main/v1
2026-05-06 14:29:11 - v2ray-aggregator - WARNING - URL 返回状态码 404: https://raw.githubusercontent.com/free-nodes/v2rayfree/main/v1
2026-05-06 14:29:12 - v2ray-aggregator - WARNING - URL 返回状态码 404: https://raw.githubusercontent.com/free-nodes/v2rayfree/main/v1
2026-05-06 14:29:12 - v2ray-aggregator - ERROR - URL 获取失败（已重试 3 次）: https://raw.githubusercontent.com/free-nodes/v2rayfree/main/v1
2026-05-06 14:29:12 - v2ray-aggregator - WARNING - 订阅源 free-nodes/v2rayfree 内容为空
2026-05-06 14:29:12 - v2ray-aggregator - INFO - 节点收集完成，共收集 180 个节点
2026-05-06 14:29:12 - v2ray-aggregator - INFO - ✓ 收集完成，共 180 个节点
2026-05-06 14:29:12 - v2ray-aggregator - INFO - 
【步骤 2/5】节点去重
2026-05-06 14:29:12 - v2ray-aggregator - INFO - ------------------------------------------------------------
2026-05-06 14:29:12 - v2ray-aggregator - INFO - 开始去重，原始节点数: 180
2026-05-06 14:29:12 - v2ray-aggregator - INFO - 去重完成，移除 66 个重复节点，剩余 114 个节点
2026-05-06 14:29:12 - v2ray-aggregator - INFO - ✓ 去重完成，剩余 114 个节点
2026-05-06 14:29:12 - v2ray-aggregator - INFO - 
【步骤 3/5】节点测速
2026-05-06 14:29:12 - v2ray-aggregator - INFO - ------------------------------------------------------------
2026-05-06 14:29:12 - v2ray-aggregator - INFO - 开始测试 114 个节点的速度...
2026-05-06 14:29:27 - v2ray-aggregator - INFO - 已测试 50/114 个节点
2026-05-06 14:29:42 - v2ray-aggregator - INFO - 已测试 100/114 个节点
2026-05-06 14:29:42 - v2ray-aggregator - INFO - 已测试 114/114 个节点
2026-05-06 14:29:42 - v2ray-aggregator - INFO - 测速完成，可用节点: 93/114
2026-05-06 14:29:42 - v2ray-aggregator - INFO - 根据测速结果过滤，移除 22 个节点
2026-05-06 14:29:42 - v2ray-aggregator - INFO - ✓ 测速完成，可用节点 92 个
2026-05-06 14:29:42 - v2ray-aggregator - INFO - 
【步骤 4/5】格式转换
2026-05-06 14:29:42 - v2ray-aggregator - INFO - ------------------------------------------------------------
2026-05-06 14:29:42 - v2ray-aggregator - INFO - 输出目录: output/2026-05-06_14-29-10
2026-05-06 14:29:42 - v2ray-aggregator - INFO - 最新链接: output/latest -> 2026-05-06_14-29-10
2026-05-06 14:29:42 - v2ray-aggregator - INFO - 生成 Base64 格式，包含 92 个节点
2026-05-06 14:29:42 - v2ray-aggregator - INFO - 已保存到文件: output/2026-05-06_14-29-10/nodes.txt
2026-05-06 14:29:42 - v2ray-aggregator - INFO - ✓ 生成 Base64 格式
2026-05-06 14:29:42 - v2ray-aggregator - INFO - 生成 Clash 配置，包含 92 个节点
2026-05-06 14:29:42 - v2ray-aggregator - INFO - 已保存到文件: output/2026-05-06_14-29-10/clash.yaml
2026-05-06 14:29:42 - v2ray-aggregator - INFO - ✓ 生成 Clash YAML 格式
2026-05-06 14:29:42 - v2ray-aggregator - WARNING - 不支持转换为 V2Ray 格式的协议: ssr
2026-05-06 14:29:42 - v2ray-aggregator - WARNING - 不支持转换为 V2Ray 格式的协议: ssr
2026-05-06 14:29:42 - v2ray-aggregator - INFO - 生成 V2Ray JSON 配置，包含 90 个节点
2026-05-06 14:29:42 - v2ray-aggregator - INFO - 已保存到文件: output/2026-05-06_14-29-10/v2ray.json
2026-05-06 14:29:42 - v2ray-aggregator - INFO - ✓ 生成 V2Ray JSON 格式
2026-05-06 14:29:42 - v2ray-aggregator - INFO - 生成 Surge 配置，包含 92 个节点
2026-05-06 14:29:42 - v2ray-aggregator - INFO - 已保存到文件: output/2026-05-06_14-29-10/surge.conf
2026-05-06 14:29:42 - v2ray-aggregator - INFO - ✓ 生成 Surge 格式
2026-05-06 14:29:42 - v2ray-aggregator - INFO - 生成 Quantumult X 配置，包含 92 个节点
2026-05-06 14:29:42 - v2ray-aggregator - INFO - 已保存到文件: output/2026-05-06_14-29-10/quantumult.conf
2026-05-06 14:29:42 - v2ray-aggregator - INFO - ✓ 生成 Quantumult X 格式
2026-05-06 14:29:42 - v2ray-aggregator - INFO - 
【步骤 5/5】生成统计信息
2026-05-06 14:29:42 - v2ray-aggregator - INFO - ------------------------------------------------------------
2026-05-06 14:29:42 - v2ray-aggregator - INFO - 总节点数: 92
2026-05-06 14:29:42 - v2ray-aggregator - INFO -   VMESS: 77 个
2026-05-06 14:29:42 - v2ray-aggregator - INFO -   TROJAN: 13 个
2026-05-06 14:29:42 - v2ray-aggregator - INFO -   SSR: 2 个
2026-05-06 14:29:42 - v2ray-aggregator - INFO - 
============================================================
2026-05-06 14:29:42 - v2ray-aggregator - INFO - ✓ 所有任务完成！
2026-05-06 14:29:42 - v2ray-aggregator - INFO - ============================================================
