2026-06-18 04:41:09 - v2ray-aggregator - INFO - ============================================================
2026-06-18 04:41:09 - v2ray-aggregator - INFO - V2Ray 节点聚合系统启动
2026-06-18 04:41:09 - v2ray-aggregator - INFO - ============================================================
2026-06-18 04:41:09 - v2ray-aggregator - INFO - 加载配置文件...
2026-06-18 04:41:09 - v2ray-aggregator - INFO - 已加载系统配置: config/settings.yaml
2026-06-18 04:41:09 - v2ray-aggregator - INFO - 已加载节点源配置: config/sources.yaml
2026-06-18 04:41:09 - v2ray-aggregator - INFO - 已加载 Clash 模板: config/clash_template.yaml
2026-06-18 04:41:09 - v2ray-aggregator - INFO - 
【步骤 1/5】收集节点
2026-06-18 04:41:09 - v2ray-aggregator - INFO - ------------------------------------------------------------
2026-06-18 04:41:09 - v2ray-aggregator - INFO - 开始收集节点...
2026-06-18 04:41:09 - v2ray-aggregator - INFO - 收集订阅源: 2 个
2026-06-18 04:41:09 - v2ray-aggregator - INFO - 正在获取订阅源: mfuu/v2ray
2026-06-18 04:41:09 - v2ray-aggregator - INFO - 正在获取订阅源: free-nodes/v2rayfree
2026-06-18 04:41:09 - v2ray-aggregator - INFO - 订阅源 mfuu/v2ray 获取到 218 个节点
2026-06-18 04:41:09 - v2ray-aggregator - WARNING - URL 返回状态码 404: https://raw.githubusercontent.com/free-nodes/v2rayfree/main/v1
2026-06-18 04:41:10 - v2ray-aggregator - WARNING - URL 返回状态码 404: https://raw.githubusercontent.com/free-nodes/v2rayfree/main/v1
2026-06-18 04:41:11 - v2ray-aggregator - WARNING - URL 返回状态码 404: https://raw.githubusercontent.com/free-nodes/v2rayfree/main/v1
2026-06-18 04:41:11 - v2ray-aggregator - ERROR - URL 获取失败（已重试 3 次）: https://raw.githubusercontent.com/free-nodes/v2rayfree/main/v1
2026-06-18 04:41:11 - v2ray-aggregator - WARNING - 订阅源 free-nodes/v2rayfree 内容为空
2026-06-18 04:41:11 - v2ray-aggregator - INFO - 节点收集完成，共收集 218 个节点
2026-06-18 04:41:11 - v2ray-aggregator - INFO - ✓ 收集完成，共 218 个节点
2026-06-18 04:41:11 - v2ray-aggregator - INFO - 
【步骤 2/5】节点去重
2026-06-18 04:41:11 - v2ray-aggregator - INFO - ------------------------------------------------------------
2026-06-18 04:41:11 - v2ray-aggregator - INFO - 开始去重，原始节点数: 218
2026-06-18 04:41:11 - v2ray-aggregator - INFO - 去重完成，移除 25 个重复节点，剩余 193 个节点
2026-06-18 04:41:11 - v2ray-aggregator - INFO - ✓ 去重完成，剩余 193 个节点
2026-06-18 04:41:11 - v2ray-aggregator - INFO - 
【步骤 3/5】节点测速
2026-06-18 04:41:11 - v2ray-aggregator - INFO - ------------------------------------------------------------
2026-06-18 04:41:11 - v2ray-aggregator - INFO - 开始测试 193 个节点的速度...
2026-06-18 04:41:26 - v2ray-aggregator - INFO - 已测试 50/193 个节点
2026-06-18 04:41:41 - v2ray-aggregator - INFO - 已测试 100/193 个节点
2026-06-18 04:41:56 - v2ray-aggregator - INFO - 已测试 150/193 个节点
2026-06-18 04:42:11 - v2ray-aggregator - INFO - 已测试 193/193 个节点
2026-06-18 04:42:11 - v2ray-aggregator - INFO - 测速完成，可用节点: 149/193
2026-06-18 04:42:11 - v2ray-aggregator - INFO - 根据测速结果过滤，移除 47 个节点
2026-06-18 04:42:11 - v2ray-aggregator - INFO - ✓ 测速完成，可用节点 146 个
2026-06-18 04:42:11 - v2ray-aggregator - INFO - 
【步骤 4/5】格式转换
2026-06-18 04:42:11 - v2ray-aggregator - INFO - ------------------------------------------------------------
2026-06-18 04:42:11 - v2ray-aggregator - INFO - 输出目录: output/2026-06-18_04-41-09
2026-06-18 04:42:11 - v2ray-aggregator - INFO - 最新链接: output/latest -> 2026-06-18_04-41-09
2026-06-18 04:42:11 - v2ray-aggregator - INFO - 生成 Base64 格式，包含 146 个节点
2026-06-18 04:42:11 - v2ray-aggregator - INFO - 已保存到文件: output/2026-06-18_04-41-09/nodes.txt
2026-06-18 04:42:11 - v2ray-aggregator - INFO - ✓ 生成 Base64 格式
2026-06-18 04:42:11 - v2ray-aggregator - INFO - 生成 Clash 配置，包含 146 个节点
2026-06-18 04:42:11 - v2ray-aggregator - INFO - 已保存到文件: output/2026-06-18_04-41-09/clash.yaml
2026-06-18 04:42:11 - v2ray-aggregator - INFO - ✓ 生成 Clash YAML 格式
2026-06-18 04:42:11 - v2ray-aggregator - WARNING - 不支持转换为 V2Ray 格式的协议: ssr
2026-06-18 04:42:11 - v2ray-aggregator - INFO - 生成 V2Ray JSON 配置，包含 145 个节点
2026-06-18 04:42:11 - v2ray-aggregator - INFO - 已保存到文件: output/2026-06-18_04-41-09/v2ray.json
2026-06-18 04:42:11 - v2ray-aggregator - INFO - ✓ 生成 V2Ray JSON 格式
2026-06-18 04:42:11 - v2ray-aggregator - INFO - 生成 Surge 配置，包含 146 个节点
2026-06-18 04:42:11 - v2ray-aggregator - INFO - 已保存到文件: output/2026-06-18_04-41-09/surge.conf
2026-06-18 04:42:11 - v2ray-aggregator - INFO - ✓ 生成 Surge 格式
2026-06-18 04:42:11 - v2ray-aggregator - INFO - 生成 Quantumult X 配置，包含 146 个节点
2026-06-18 04:42:11 - v2ray-aggregator - INFO - 已保存到文件: output/2026-06-18_04-41-09/quantumult.conf
2026-06-18 04:42:11 - v2ray-aggregator - INFO - ✓ 生成 Quantumult X 格式
2026-06-18 04:42:11 - v2ray-aggregator - INFO - 
【步骤 5/5】生成统计信息
2026-06-18 04:42:11 - v2ray-aggregator - INFO - ------------------------------------------------------------
2026-06-18 04:42:11 - v2ray-aggregator - INFO - 总节点数: 146
2026-06-18 04:42:11 - v2ray-aggregator - INFO -   VMESS: 53 个
2026-06-18 04:42:11 - v2ray-aggregator - INFO -   TROJAN: 91 个
2026-06-18 04:42:11 - v2ray-aggregator - INFO -   SSR: 1 个
2026-06-18 04:42:11 - v2ray-aggregator - INFO -   SS: 1 个
2026-06-18 04:42:11 - v2ray-aggregator - INFO - 
============================================================
2026-06-18 04:42:11 - v2ray-aggregator - INFO - ✓ 所有任务完成！
2026-06-18 04:42:11 - v2ray-aggregator - INFO - ============================================================
