2026-05-22 14:50:27 - v2ray-aggregator - INFO - ============================================================
2026-05-22 14:50:27 - v2ray-aggregator - INFO - V2Ray 节点聚合系统启动
2026-05-22 14:50:27 - v2ray-aggregator - INFO - ============================================================
2026-05-22 14:50:27 - v2ray-aggregator - INFO - 加载配置文件...
2026-05-22 14:50:27 - v2ray-aggregator - INFO - 已加载系统配置: config/settings.yaml
2026-05-22 14:50:27 - v2ray-aggregator - INFO - 已加载节点源配置: config/sources.yaml
2026-05-22 14:50:27 - v2ray-aggregator - INFO - 已加载 Clash 模板: config/clash_template.yaml
2026-05-22 14:50:27 - v2ray-aggregator - INFO - 
【步骤 1/5】收集节点
2026-05-22 14:50:27 - v2ray-aggregator - INFO - ------------------------------------------------------------
2026-05-22 14:50:27 - v2ray-aggregator - INFO - 开始收集节点...
2026-05-22 14:50:27 - v2ray-aggregator - INFO - 收集订阅源: 2 个
2026-05-22 14:50:27 - v2ray-aggregator - INFO - 正在获取订阅源: mfuu/v2ray
2026-05-22 14:50:27 - v2ray-aggregator - INFO - 正在获取订阅源: free-nodes/v2rayfree
2026-05-22 14:50:27 - v2ray-aggregator - INFO - 订阅源 mfuu/v2ray 获取到 198 个节点
2026-05-22 14:50:27 - v2ray-aggregator - WARNING - URL 返回状态码 404: https://raw.githubusercontent.com/free-nodes/v2rayfree/main/v1
2026-05-22 14:50:28 - v2ray-aggregator - WARNING - URL 返回状态码 404: https://raw.githubusercontent.com/free-nodes/v2rayfree/main/v1
2026-05-22 14:50:29 - v2ray-aggregator - WARNING - URL 返回状态码 404: https://raw.githubusercontent.com/free-nodes/v2rayfree/main/v1
2026-05-22 14:50:29 - v2ray-aggregator - ERROR - URL 获取失败（已重试 3 次）: https://raw.githubusercontent.com/free-nodes/v2rayfree/main/v1
2026-05-22 14:50:29 - v2ray-aggregator - WARNING - 订阅源 free-nodes/v2rayfree 内容为空
2026-05-22 14:50:29 - v2ray-aggregator - INFO - 节点收集完成，共收集 198 个节点
2026-05-22 14:50:29 - v2ray-aggregator - INFO - ✓ 收集完成，共 198 个节点
2026-05-22 14:50:29 - v2ray-aggregator - INFO - 
【步骤 2/5】节点去重
2026-05-22 14:50:29 - v2ray-aggregator - INFO - ------------------------------------------------------------
2026-05-22 14:50:29 - v2ray-aggregator - INFO - 开始去重，原始节点数: 198
2026-05-22 14:50:29 - v2ray-aggregator - INFO - 去重完成，移除 24 个重复节点，剩余 174 个节点
2026-05-22 14:50:29 - v2ray-aggregator - INFO - ✓ 去重完成，剩余 174 个节点
2026-05-22 14:50:29 - v2ray-aggregator - INFO - 
【步骤 3/5】节点测速
2026-05-22 14:50:29 - v2ray-aggregator - INFO - ------------------------------------------------------------
2026-05-22 14:50:29 - v2ray-aggregator - INFO - 开始测试 174 个节点的速度...
2026-05-22 14:50:44 - v2ray-aggregator - INFO - 已测试 50/174 个节点
2026-05-22 14:50:59 - v2ray-aggregator - INFO - 已测试 100/174 个节点
2026-05-22 14:51:00 - v2ray-aggregator - INFO - 已测试 150/174 个节点
2026-05-22 14:51:00 - v2ray-aggregator - INFO - 已测试 174/174 个节点
2026-05-22 14:51:00 - v2ray-aggregator - INFO - 测速完成，可用节点: 152/174
2026-05-22 14:51:00 - v2ray-aggregator - INFO - 根据测速结果过滤，移除 24 个节点
2026-05-22 14:51:00 - v2ray-aggregator - INFO - ✓ 测速完成，可用节点 150 个
2026-05-22 14:51:00 - v2ray-aggregator - INFO - 
【步骤 4/5】格式转换
2026-05-22 14:51:00 - v2ray-aggregator - INFO - ------------------------------------------------------------
2026-05-22 14:51:00 - v2ray-aggregator - INFO - 输出目录: output/2026-05-22_14-50-27
2026-05-22 14:51:00 - v2ray-aggregator - INFO - 最新链接: output/latest -> 2026-05-22_14-50-27
2026-05-22 14:51:00 - v2ray-aggregator - INFO - 生成 Base64 格式，包含 150 个节点
2026-05-22 14:51:00 - v2ray-aggregator - INFO - 已保存到文件: output/2026-05-22_14-50-27/nodes.txt
2026-05-22 14:51:00 - v2ray-aggregator - INFO - ✓ 生成 Base64 格式
2026-05-22 14:51:00 - v2ray-aggregator - INFO - 生成 Clash 配置，包含 150 个节点
2026-05-22 14:51:00 - v2ray-aggregator - INFO - 已保存到文件: output/2026-05-22_14-50-27/clash.yaml
2026-05-22 14:51:00 - v2ray-aggregator - INFO - ✓ 生成 Clash YAML 格式
2026-05-22 14:51:00 - v2ray-aggregator - WARNING - 不支持转换为 V2Ray 格式的协议: ssr
2026-05-22 14:51:00 - v2ray-aggregator - WARNING - 不支持转换为 V2Ray 格式的协议: ssr
2026-05-22 14:51:00 - v2ray-aggregator - INFO - 生成 V2Ray JSON 配置，包含 148 个节点
2026-05-22 14:51:00 - v2ray-aggregator - INFO - 已保存到文件: output/2026-05-22_14-50-27/v2ray.json
2026-05-22 14:51:00 - v2ray-aggregator - INFO - ✓ 生成 V2Ray JSON 格式
2026-05-22 14:51:00 - v2ray-aggregator - INFO - 生成 Surge 配置，包含 150 个节点
2026-05-22 14:51:00 - v2ray-aggregator - INFO - 已保存到文件: output/2026-05-22_14-50-27/surge.conf
2026-05-22 14:51:00 - v2ray-aggregator - INFO - ✓ 生成 Surge 格式
2026-05-22 14:51:00 - v2ray-aggregator - INFO - 生成 Quantumult X 配置，包含 150 个节点
2026-05-22 14:51:00 - v2ray-aggregator - INFO - 已保存到文件: output/2026-05-22_14-50-27/quantumult.conf
2026-05-22 14:51:00 - v2ray-aggregator - INFO - ✓ 生成 Quantumult X 格式
2026-05-22 14:51:00 - v2ray-aggregator - INFO - 
【步骤 5/5】生成统计信息
2026-05-22 14:51:00 - v2ray-aggregator - INFO - ------------------------------------------------------------
2026-05-22 14:51:00 - v2ray-aggregator - INFO - 总节点数: 150
2026-05-22 14:51:00 - v2ray-aggregator - INFO -   VMESS: 119 个
2026-05-22 14:51:00 - v2ray-aggregator - INFO -   TROJAN: 29 个
2026-05-22 14:51:01 - v2ray-aggregator - INFO -   SSR: 2 个
2026-05-22 14:51:01 - v2ray-aggregator - INFO - 
============================================================
2026-05-22 14:51:01 - v2ray-aggregator - INFO - ✓ 所有任务完成！
2026-05-22 14:51:01 - v2ray-aggregator - INFO - ============================================================
