2026-06-12 10:22:44 - v2ray-aggregator - INFO - ============================================================
2026-06-12 10:22:44 - v2ray-aggregator - INFO - V2Ray 节点聚合系统启动
2026-06-12 10:22:44 - v2ray-aggregator - INFO - ============================================================
2026-06-12 10:22:44 - v2ray-aggregator - INFO - 加载配置文件...
2026-06-12 10:22:44 - v2ray-aggregator - INFO - 已加载系统配置: config/settings.yaml
2026-06-12 10:22:44 - v2ray-aggregator - INFO - 已加载节点源配置: config/sources.yaml
2026-06-12 10:22:44 - v2ray-aggregator - INFO - 已加载 Clash 模板: config/clash_template.yaml
2026-06-12 10:22:44 - v2ray-aggregator - INFO - 
【步骤 1/5】收集节点
2026-06-12 10:22:44 - v2ray-aggregator - INFO - ------------------------------------------------------------
2026-06-12 10:22:44 - v2ray-aggregator - INFO - 开始收集节点...
2026-06-12 10:22:44 - v2ray-aggregator - INFO - 收集订阅源: 2 个
2026-06-12 10:22:44 - v2ray-aggregator - INFO - 正在获取订阅源: mfuu/v2ray
2026-06-12 10:22:44 - v2ray-aggregator - INFO - 正在获取订阅源: free-nodes/v2rayfree
2026-06-12 10:22:44 - v2ray-aggregator - INFO - 订阅源 mfuu/v2ray 获取到 365 个节点
2026-06-12 10:22:44 - v2ray-aggregator - WARNING - URL 返回状态码 404: https://raw.githubusercontent.com/free-nodes/v2rayfree/main/v1
2026-06-12 10:22:45 - v2ray-aggregator - WARNING - URL 返回状态码 404: https://raw.githubusercontent.com/free-nodes/v2rayfree/main/v1
2026-06-12 10:22:46 - v2ray-aggregator - WARNING - URL 返回状态码 404: https://raw.githubusercontent.com/free-nodes/v2rayfree/main/v1
2026-06-12 10:22:46 - v2ray-aggregator - ERROR - URL 获取失败（已重试 3 次）: https://raw.githubusercontent.com/free-nodes/v2rayfree/main/v1
2026-06-12 10:22:46 - v2ray-aggregator - WARNING - 订阅源 free-nodes/v2rayfree 内容为空
2026-06-12 10:22:46 - v2ray-aggregator - INFO - 节点收集完成，共收集 365 个节点
2026-06-12 10:22:46 - v2ray-aggregator - INFO - ✓ 收集完成，共 365 个节点
2026-06-12 10:22:46 - v2ray-aggregator - INFO - 
【步骤 2/5】节点去重
2026-06-12 10:22:46 - v2ray-aggregator - INFO - ------------------------------------------------------------
2026-06-12 10:22:46 - v2ray-aggregator - INFO - 开始去重，原始节点数: 365
2026-06-12 10:22:46 - v2ray-aggregator - INFO - 去重完成，移除 171 个重复节点，剩余 194 个节点
2026-06-12 10:22:46 - v2ray-aggregator - INFO - ✓ 去重完成，剩余 194 个节点
2026-06-12 10:22:46 - v2ray-aggregator - INFO - 
【步骤 3/5】节点测速
2026-06-12 10:22:46 - v2ray-aggregator - INFO - ------------------------------------------------------------
2026-06-12 10:22:46 - v2ray-aggregator - INFO - 开始测试 194 个节点的速度...
2026-06-12 10:23:01 - v2ray-aggregator - INFO - 已测试 50/194 个节点
2026-06-12 10:23:16 - v2ray-aggregator - INFO - 已测试 100/194 个节点
2026-06-12 10:23:17 - v2ray-aggregator - INFO - 已测试 150/194 个节点
2026-06-12 10:23:32 - v2ray-aggregator - INFO - 已测试 194/194 个节点
2026-06-12 10:23:32 - v2ray-aggregator - INFO - 测速完成，可用节点: 161/194
2026-06-12 10:23:32 - v2ray-aggregator - INFO - 根据测速结果过滤，移除 33 个节点
2026-06-12 10:23:32 - v2ray-aggregator - INFO - ✓ 测速完成，可用节点 161 个
2026-06-12 10:23:32 - v2ray-aggregator - INFO - 
【步骤 4/5】格式转换
2026-06-12 10:23:32 - v2ray-aggregator - INFO - ------------------------------------------------------------
2026-06-12 10:23:32 - v2ray-aggregator - INFO - 输出目录: output/2026-06-12_10-22-44
2026-06-12 10:23:32 - v2ray-aggregator - INFO - 最新链接: output/latest -> 2026-06-12_10-22-44
2026-06-12 10:23:32 - v2ray-aggregator - INFO - 生成 Base64 格式，包含 161 个节点
2026-06-12 10:23:32 - v2ray-aggregator - INFO - 已保存到文件: output/2026-06-12_10-22-44/nodes.txt
2026-06-12 10:23:32 - v2ray-aggregator - INFO - ✓ 生成 Base64 格式
2026-06-12 10:23:32 - v2ray-aggregator - INFO - 生成 Clash 配置，包含 161 个节点
2026-06-12 10:23:32 - v2ray-aggregator - INFO - 已保存到文件: output/2026-06-12_10-22-44/clash.yaml
2026-06-12 10:23:32 - v2ray-aggregator - INFO - ✓ 生成 Clash YAML 格式
2026-06-12 10:23:32 - v2ray-aggregator - WARNING - 不支持转换为 V2Ray 格式的协议: ssr
2026-06-12 10:23:32 - v2ray-aggregator - INFO - 生成 V2Ray JSON 配置，包含 160 个节点
2026-06-12 10:23:32 - v2ray-aggregator - INFO - 已保存到文件: output/2026-06-12_10-22-44/v2ray.json
2026-06-12 10:23:32 - v2ray-aggregator - INFO - ✓ 生成 V2Ray JSON 格式
2026-06-12 10:23:32 - v2ray-aggregator - INFO - 生成 Surge 配置，包含 161 个节点
2026-06-12 10:23:32 - v2ray-aggregator - INFO - 已保存到文件: output/2026-06-12_10-22-44/surge.conf
2026-06-12 10:23:32 - v2ray-aggregator - INFO - ✓ 生成 Surge 格式
2026-06-12 10:23:32 - v2ray-aggregator - INFO - 生成 Quantumult X 配置，包含 161 个节点
2026-06-12 10:23:32 - v2ray-aggregator - INFO - 已保存到文件: output/2026-06-12_10-22-44/quantumult.conf
2026-06-12 10:23:32 - v2ray-aggregator - INFO - ✓ 生成 Quantumult X 格式
2026-06-12 10:23:32 - v2ray-aggregator - INFO - 
【步骤 5/5】生成统计信息
2026-06-12 10:23:32 - v2ray-aggregator - INFO - ------------------------------------------------------------
2026-06-12 10:23:32 - v2ray-aggregator - INFO - 总节点数: 161
2026-06-12 10:23:32 - v2ray-aggregator - INFO -   VMESS: 87 个
2026-06-12 10:23:32 - v2ray-aggregator - INFO -   SSR: 1 个
2026-06-12 10:23:32 - v2ray-aggregator - INFO -   TROJAN: 72 个
2026-06-12 10:23:32 - v2ray-aggregator - INFO -   SS: 1 个
2026-06-12 10:23:32 - v2ray-aggregator - INFO - 
============================================================
2026-06-12 10:23:32 - v2ray-aggregator - INFO - ✓ 所有任务完成！
2026-06-12 10:23:32 - v2ray-aggregator - INFO - ============================================================
